Applied
	SchemaVersion int `json:"schema_version"`
	Kind string `json:"kind"`
	ABI int `json:"abi"`
	RequiredABI int `json:"required_abi"`
	Profile string `json:"profile"`
	ProfileVersion int `json:"profile_version"`
	HandledFS []string `json:"handled_fs"`
	Grants []containment.Grant `json:"grants"`
	TCP containment.TCP `json:"tcp"`
	PathnameSockets string `json:"pathname_unix_sockets"`
	AppArmor *containment.AppArmorLayer `json:"apparmor,omitempty"`
	Scopes []string `json:"scopes"`
	State containment.State `json:"state"`
	Supervision containment.Supervision `json:"supervision"`
	Env []string `json:"env"`
	Omitted []string `json:"omitted,omitempty"`
	Fingerprint string `json:"fingerprint"`
Grant
	Path string `json:"path"`
	Access string `json:"access"`
	Rights []string `json:"rights"`
	Source string `json:"source"`
	Requested string `json:"requested,omitempty"`
Request
	Kind string `json:"kind"`
	ReadOnly []string `json:"read_only,omitempty"`
	ReadWrite []string `json:"read_write,omitempty"`
	RestrictTCP bool `json:"restrict_tcp,omitempty"`
	ConnectTCP []uint16 `json:"connect_tcp,omitempty"`
	MinABI int `json:"min_abi,omitempty"`
	StateDir string `json:"state_dir,omitempty"`
	PassEnv []string `json:"pass_env,omitempty"`
State
	Mode string `json:"mode"`
	ID string `json:"id,omitempty"`
	Home string `json:"home"`
	Tmp string `json:"tmp"`
	HarnessState string `json:"harness_state,omitempty"`
	HarnessStateEnv string `json:"harness_state_env,omitempty"`
	StateDir string `json:"state_dir,omitempty"`
	StateDirRequested string `json:"state_dir_requested,omitempty"`
Supervision
	Mode string `json:"mode"`
	Cgroup string `json:"cgroup,omitempty"`
	Reason string `json:"reason,omitempty"`
	Cleanup string `json:"cleanup,omitempty"`
TCP
	Mode string `json:"mode"`
	Connect []uint16 `json:"connect,omitempty"`
	Bind string `json:"bind"`
answerRequest
	Token string `json:"token"`
	RequestID string `json:"request_id,omitempty"`
	OptionID string `json:"option_id,omitempty"`
	OptionIDs []string `json:"option_ids,omitempty"`
	Text string `json:"text,omitempty"`
capabilitiesResponse
	Containment main.containmentCapabilities `json:"containment"`
containmentCapabilities
	Kinds []string `json:"kinds"`
controlResponse
	Token string `json:"token"`
conversationSummary
	ID string `json:"id"`
	Harness string `json:"harness"`
	SessionID string `json:"session_id,omitempty"`
	PermissionMode string `json:"permission_mode,omitempty"`
	Containment *containment.Applied `json:"containment,omitempty"`
errorResponse
	Error string `json:"error"`
	Code string `json:"code,omitempty"`
eventDTO
	Type string `json:"type"`
	Turn *main.turnDTO `json:"turn,omitempty"`
	Input *main.inputRequestDTO `json:"input,omitempty"`
	Exit *main.exitDTO `json:"exit,omitempty"`
	Error string `json:"error,omitempty"`
exitDTO
	Status string `json:"status"`
	ExitCode int `json:"exit_code"`
	Signal string `json:"signal,omitempty"`
	Reason string `json:"reason,omitempty"`
	Class string `json:"class,omitempty"`
	EndedAt time.Time `json:"ended_at,omitzero"`
historyResponse
	Turns []main.turnDTO `json:"turns"`
inputOptionDTO
	ID string `json:"id"`
	Alias string `json:"alias,omitempty"`
	Label string `json:"label"`
	Description string `json:"description,omitempty"`
inputRequestDTO
	ID string `json:"id"`
	Kind string `json:"kind"`
	Prompt string `json:"prompt"`
	Header string `json:"header,omitempty"`
	MultiSelect bool `json:"multi_select,omitempty"`
	Options []main.inputOptionDTO `json:"options,omitempty"`
interruptResponse
	Result string `json:"result"`
	Error string `json:"error,omitempty"`
openRequest
	Harness string `json:"harness"`
	BinaryPath string `json:"binary_path"`
	Args []string `json:"args,omitempty"`
	WorkingDir string `json:"working_dir,omitempty"`
	Env []string `json:"env,omitempty"`
	Cols int `json:"cols,omitempty"`
	Rows int `json:"rows,omitempty"`
	InputPolicy *chat.InputPolicy `json:"input_policy,omitempty"`
	Effort string `json:"effort,omitempty"`
	Model string `json:"model,omitempty"`
	PermissionMode string `json:"permission_mode,omitempty"`
	DisableCodexAutoDismiss bool `json:"disable_codex_auto_dismiss,omitempty"`
	AutoSkipCodexUpdateNotice bool `json:"auto_skip_codex_update_notice,omitempty"`
	Containment *containment.Request `json:"containment,omitempty"`
openResponse
	ID string `json:"id"`
	Containment *containment.Applied `json:"containment,omitempty"`
runTurnRequest
	Harness string `json:"harness"`
	TurnHarness string `json:"turn_harness,omitempty"`
	BinaryPath string `json:"binary_path"`
	Args []string `json:"args,omitempty"`
	WorkingDir string `json:"working_dir,omitempty"`
	Env []string `json:"env,omitempty"`
	Prompt string `json:"prompt"`
	ExitAfterTurn *bool `json:"exit_after_turn,omitempty"`
	TimeoutSeconds int `json:"timeout_seconds,omitempty"`
	Cols int `json:"cols,omitempty"`
	Rows int `json:"rows,omitempty"`
	InputPolicy *chat.InputPolicy `json:"input_policy,omitempty"`
	Effort string `json:"effort,omitempty"`
	Model string `json:"model,omitempty"`
	PermissionMode string `json:"permission_mode,omitempty"`
	Containment *containment.Request `json:"containment,omitempty"`
runTurnResponse
	Turn main.turnDTO `json:"turn"`
	Session main.sessionDTO `json:"session"`
	History []main.turnDTO `json:"history"`
	ProcessStoppedAfterTurn bool `json:"process_stopped_after_turn"`
	WrapperStatus string `json:"wrapper_status,omitempty"`
	WrapperReason string `json:"wrapper_reason,omitempty"`
	Error string `json:"error,omitempty"`
	Containment *containment.Applied `json:"containment,omitempty"`
screenResponse
	Text string `json:"text"`
	Cols int `json:"cols"`
	Rows int `json:"rows"`
	CursorCol int `json:"cursor_col"`
	CursorRow int `json:"cursor_row"`
	Generation uint64 `json:"generation"`
sendRequest
	Token string `json:"token"`
	Text string `json:"text"`
	Containment *containment.Request `json:"containment,omitempty"`
sendResponse
	TurnID string `json:"turn_id"`
sessionDTO
	ID string `json:"id"`
	Harness string `json:"harness"`
	WorkingDir string `json:"working_dir,omitempty"`
	CreatedAt time.Time `json:"created_at"`
	HarnessSessionID string `json:"harness_session_id,omitempty"`
turnDTO
	ID string `json:"id"`
	SessionID string `json:"session_id"`
	Role string `json:"role"`
	State string `json:"state"`
	Text string `json:"text,omitempty"`
	Reason string `json:"reason,omitempty"`
	StartedAt time.Time `json:"started_at"`
	CompletedAt time.Time `json:"completed_at,omitzero"`
	HTTPCode int `json:"http_code,omitempty"`
	RetryAfter string `json:"retry_after,omitempty"`
turnEventDTO
	Turn main.turnDTO `json:"turn"`
	Error string `json:"error,omitempty"`
